// Jest Snapshot v1, https://goo.gl/fbAQLP

exports[`runtime should provide an access for unexported components 1`] = `"[data-tid~=\\"2cf9b58f\\"]"`;

exports[`runtime should throw an error for undefined component 1`] = `"reselector: you can't use undefined value in select"`;
