// Jest Snapshot v1, https://goo.gl/fbAQLP

exports[`select should build css selector 1`] = `"[data-30d26c9a] > [data-ffe55b71]"`;

exports[`select should build xpath selector 1`] = `"//[@data-30d26c9a]/[@data-ffe55b71]"`;
